INFO - Contur version 3.1.4
INFO - See https://hepcedar.gitlab.io/contur-webpage/
Writing log to contur.log
INFO - No MySQL configuration file provided, using local database
INFO - Reading config file config.dat
INFO - Config file config.dat not found. Falling back to default from /unix/cedar/junyingwu/contur-dev/src/contur/config/default_config.dat
INFO - Using SM prediction A as default
INFO - Fit mode detected: signal_strength
INFO - Using default statistics calculation.
INFO - Run Information: ====================================== 
       Contur is running in /unix/cedar/junyingwu/contur_compare/lineprof_single 
       on analysis objects in ['/unix/cedar/junyingwu/contur/tests/sources/myscan00/13TeV/0000/runpoint_0000.yoda.gz'] 
       Theory uncertainties assumed uncorrelated. 

INFO - Found 1924 potentially valid histograms in /unix/cedar/junyingwu/contur/tests/sources/myscan00/13TeV/0000/runpoint_0000.yoda.gz
INFO - Cross section 23.3402 pb, 300.0 generated events
INFO - Processed ConturPoint , with parameter values: {'CZdL1x1': '0.35406746031746034', 'CZdL3x3': '-0.35406746031746034', 'CZuL1x1': '0.35406746031746034', 'CZuL3x3': '-0.35406746031746034', 'CZuR1x1': '0.35406746031746034', 'CZuR3x3': '-0.35406746031746034', 'cotH': '1.5', 'mZp': '1000.0'}
     - SMBG=0.9999999992312342 
     - EXP=0.9999999999919796 
     - HLEXP=1 

INFO - 
       Model point sampled at these parameter values:
     - CZdL1x1 : 0.35406746031746034
     - CZdL3x3 : -0.35406746031746034
     - CZuL1x1 : 0.35406746031746034
     - CZuL3x3 : -0.35406746031746034
     - CZuR1x1 : 0.35406746031746034
     - CZuR3x3 : -0.35406746031746034
     - cotH : 1.5
     - mZp : 1000.0
INFO - No match found in the Contur Model database for the model in /unix/cedar/junyingwu/contur_compare/lineprof_single/RunInfo.
       If you want this to be added, copy the sources files into the contur Models area and remake.
INFO - Writing summary for grid mode into database: /unix/cedar/junyingwu/contur_compare/lineprof_single/./ANALYSIS/contur_run.db
INFO - Writing runpoint  to database
INFO - Run point  written to /unix/cedar/junyingwu/contur_compare/lineprof_single/./ANALYSIS/contur_run.db
Timer unit: 1e-09 s

Total time: 14.1803 s
File: /unix/cedar/junyingwu/contur-dev/src/contur/factories/test_observable.py
Function: __init__ at line 29

Line #      Hits         Time  Per Hit   % Time  Line Contents
==============================================================
    29                                               def __init__(
    30                                                       self, 
    31                                                       ao_path: str,
    32                                                       ao_type: str,
    33                                                   ):
    34                                                   """
    35                                                   Initialise the class. Uses the path of the :class:`yoda.core.AnalysisObject` to populate observable
    36                                                   specific attributes from the contur database.
    37                                           
    38                                                   :param ao_path: Path of the :class:`yoda.core.AnalysisObject` e.g. "/CMS_2017_I1613982/d01-x01-y01
    39                                           
    40                                                                   Used to look up REF and THY data, and populate other attributes from the static DB.
    41                                           
    42                                                   :param ao_type: Type of the :class:`yoda.core.AnalysisObject` e.g. "Scatter2D".
    43                                                                   Has to match the type of the reference analysis object.
    44                                                   
    45                                                                   Particularly makes a difference if the ao is a "Profile", where it affects how the signal is 
    46                                                                   constructed. See details in :class:`contur.factories.likelihood.Likelihood`.
    47                                                   """
    48       958    4495396.0   4692.5      0.0          self.signal = Signal()
    49                                           
    50                                                   # Measurement
    51       958     409868.0    427.8      0.0          self._ref = None
    52                                                   # SM theory
    53       958     361243.0    377.1      0.0          self._thy = None
    54                                           
    55       958     358988.0    374.7      0.0          self.pool = None
    56                                           
    57                                                   # check we are using the right HepMC weight (if supplied) and remove it from the path
    58       958   11729816.0  12244.1      0.1          self._weight = rivet.extractWeightName(ao_path)
    59       958     886946.0    925.8      0.0          if self._weight != cfg.weight:
    60                                                       cfg.contur_log.debug(f"{ao_path} weight {self._weight} does not match requested weight {cfg.weight}, skipping")
    61                                                       return
    62       958     421740.0    440.2      0.0          self.path = ao_path
    63       958     385886.0    402.8      0.0          self.type = ao_type
    64                                           
    65                                                   # Initialize the public members we always want to access
    66       958   38339914.0  40020.8      0.3          self._isRatio = cdb.isRatio(self.path)
    67       958    1360411.0   1420.1      0.0          self._isProfile = self.type.startswith("Profile")
    68       958   34580584.0  36096.6      0.2          self._isSearch = cdb.isSearch(self.path)
    69       958     732495.0    764.6      0.0          self._stack_smbg = yoda.Scatter2D
    70       958     527285.0    550.4      0.0          self._stack_databg = yoda.Scatter2D
    71                                           
    72                                                   # these should just be used for plotting, which is not done if writer is silenced (e.g. in gridMode)
    73       958     502956.0    525.0      0.0          self._refplot = None
    74       958     425543.0    444.2      0.0          self._sigplot = None
    75       958     421156.0    439.6      0.0          self._thyplot = None
    76                                           
    77       958     429666.0    448.5      0.0          self._lumi = 1
    78       958     379800.0    396.5      0.0          self._lumi_fb = 1
    79       958     416825.0    435.1      0.0          self._isScaled = False
    80       958     420513.0    438.9      0.0          self._scaleFactorData = 1
    81       958     428925.0    447.7      0.0          self._nev_differential = 1.0
    82       958     387877.0    404.9      0.0          self._likelihood = None
    83                                           
    84       958     414010.0    432.2      0.0          self.measured_values = None
    85       958     394526.0    411.8      0.0          self.sm_values = None
    86       958     407651.0    425.5      0.0          self.expected_values = None
    87                                           
    88       958     422953.0    441.5      0.0          self.sm_prediction = None
    89                                           
    90                                                   # Call the internal functions on initialization
    91                                                   # to fill the above members with what we want, these should all be private
    92                                           
    93       958  249529842.0 260469.6      1.8          self.__getAux()
    94       958     520061.0    542.9      0.0          if self.pool is None:
    95                                                       return
    96                                           
    97                                                   # Get the measurement reference data.
    98       958     1.11e+10 1.16e+07     78.1          if not self.__getData():
    99                                                       return
   100                                           
   101                                                   # Get the theory reference data, if present, and set the appropriate
   102                                                   # convenience flag if successful.
   103       958 2667344085.0 2.78e+06     18.8          self.__getThy()
   104       958     724298.0    756.1      0.0          self._useTheory = self.sm_values is not None
   105                                           
   106                                           
   107       958   59300686.0  61900.5      0.4          self.__getisScaled()
   108                                           
   109                                                   # build the expected values (SM theory with data uncertainties)
   110       958   24678184.0  25760.1      0.2          self.__getExpected()

Total time: 0.0168232 s
File: /unix/cedar/junyingwu/contur-dev/src/contur/factories/test_observable.py
Function: __getExpected at line 172

Line #      Hits         Time  Per Hit   % Time  Line Contents
==============================================================
   172                                               def __getExpected(self):
   173                                                   """
   174                                                   Internal function to get the expected values (SM cental values with data uncertainty)
   175                                           
   176                                                   :Modified members:
   177                                                       - *expected_values* (:class:`ObservableValues`) --
   178                                                         SM central values with the measurement uncertainties
   179                                           
   180                                                   """
   181                                           
   182                                                   # can't do this if we don't have a theory prediction!
   183       958     874804.0    913.2      5.2          if self.sm_values is None:
   184        64      14241.0    222.5      0.1              return
   185                                           
   186       894     460123.0    514.7      2.7          if self.measured_values.covariance_matrix is not None:
   187       489    2719824.0   5562.0     16.2              cov = self.measured_values.covariance_matrix.copy()
   188       489    1407405.0   2878.1      8.4              errs = self.measured_values.err_breakdown.copy()
   189                                                   else:
   190       405     124927.0    308.5      0.7              cov = None
   191       405     127794.0    315.5      0.8              errs = None
   192                                           
   193                                           
   194      1788    4524819.0   2530.7     26.9          self.expected_values = ObservableValues(
   195       894    3075773.0   3440.5     18.3              central_values=self.sm_values.central_values.copy(),
   196       894     267113.0    298.8      1.6              err_breakdown=errs, 
   197       894     260337.0    291.2      1.5              covariance_matrix=cov,
   198       894    2966059.0   3317.7     17.6              diagonal_matrix=self.measured_values.diagonal_matrix.copy()
   199                                                   )

Total time: 11.0717 s
File: /unix/cedar/junyingwu/contur-dev/src/contur/factories/test_observable.py
Function: __getData at line 131

Line #      Hits         Time  Per Hit   % Time  Line Contents
==============================================================
   131                                               def __getData(self):
   132                                                   """
   133                                                   Internal function to look up the refdata
   134                                           
   135                                                   :Built members:
   136                                                       - *ref* (:class:YODA.Scatter2D) --
   137                                                         Reference scatter plot matching path from input signal aos
   138                                                       - *measured_values* (:class:ObservableValues) --
   139                                                         central values, covariance etc for the measurement
   140                                                   """
   141       958   25767801.0  26897.5      0.2          ref_path = "/REF" + rivet.stripOptions(self.path)
   142                                           
   143       958  140541740.0 146703.3      1.3          if ref_path not in state.refObj:
   144                                                       return False
   145                                                   
   146       958    1017907.0   1062.5      0.0          self._ref = state.refObj[ref_path]
   147                                           
   148       958     294363.0    307.3      0.0          try:
   149       958 3246061100.0 3.39e+06     29.3              cov = state.refCorr[ref_path].copy()
   150       958 4705652347.0 4.91e+06     42.5              nuisErrs = state.refErrors[ref_path].copy()
   151       540    5837936.0  10811.0      0.1              cfg.contur_log.debug("Attempting to use correlation info for {}".format(self.path))
   152       418     356763.0    853.5      0.0          except Exception as e:
   153       418    2830960.0   6772.6      0.0              cfg.contur_log.debug("No correlation info for {}".format(self.path))
   154       418     367575.0    879.4      0.0              cov = None
   155       418     385269.0    921.7      0.0              nuisErrs = None
   156       958     349636.0    365.0      0.0          try:
   157       958 1403151053.0 1.46e+06     12.7              uncov = state.refUncorr[ref_path].copy()
   158                                                   except:
   159                                                       uncov = None
   160                                                       return False
   161                                           
   162      1916    5560256.0   2902.0      0.1          self.measured_values = ObservableValues(
   163       958 1532193029.0  1.6e+06     13.8              central_values=self._ref.yVals(), 
   164       958     417359.0    435.7      0.0              err_breakdown=nuisErrs,
   165       958     330010.0    344.5      0.0              covariance_matrix=cov, 
   166       958     297631.0    310.7      0.0              diagonal_matrix=uncov
   167                                                   )
   168                                           
   169       958     281862.0    294.2      0.0          return True

Total time: 2.66071 s
File: /unix/cedar/junyingwu/contur-dev/src/contur/factories/test_observable.py
Function: __getThy at line 201

Line #      Hits         Time  Per Hit   % Time  Line Contents
==============================================================
   201                                               def __getThy(self):
   202                                                   """
   203                                                   Internal function to look up the SM theory data
   204                                           
   205                                                   :Built members:
   206                                                       * *_theoryComp* (``bool``) --
   207                                                         True if this histogram always requires an SM theory comparison
   208                                           
   209                                                       * *thy* (:class:YODA.Scatter2D) --
   210                                                         SM Theory prediction matching path from input signal aos
   211                                           
   212                                                       * *sm_values* (:class:ObservableValues) --
   213                                                         correlation matrix, central values etc for the SM theory prediction
   214                                           
   215                                                   """
   216                                           
   217                                                   # find whether theory is always required for this histogram
   218       958   38735730.0  40434.0      1.5          self._theoryComp = cdb.theoryComp(self.path)
   219                                           
   220                                                   # if the SM prediction was not already set, try to populate it.
   221       958     283627.0    296.1      0.0          try:
   222       958     511445.0    533.9      0.0              if self.sm_prediction is None:
   223       958    1075205.0   1122.3      0.0                  self.sm_prediction = state.sm_prediction[self.analysis.name]
   224                                           
   225       958     783909.0    818.3      0.0              path = "/THY"+self.path
   226       958  900334773.0 939806.7     33.8              self._thy = self.sm_prediction.ao[path].clone()
   227                                           
   228        64      41687.0    651.4      0.0          except KeyError:
   229                                                       # no SM prediction for this plot.
   230        64      38337.0    599.0      0.0              return
   231                                           
   232       894     388516.0    434.6      0.0          try:
   233       894  839245025.0 938752.8     31.5              thCov = self.sm_prediction.corr[self._thy.path()].copy()
   234       894   30069232.0  33634.5      1.1              thErrs = self.sm_prediction.errors[self._thy.path()].copy()
   235       893     343188.0    384.3      0.0          except:
   236       893     925774.0   1036.7      0.0              thCov = None
   237       893     708022.0    792.9      0.0              thErrs = None
   238       894     301668.0    337.4      0.0          try:
   239       894  665984303.0 744948.9     25.0              thUncov = self.sm_prediction.uncorr[self._thy.path()].copy()
   240                                                   except KeyError:
   241                                                       thUncov = None
   242                                                       # just warn if we can't build theory, it's less important...
   243                                                       cfg.contur_log.warning(
   244                                                           "Could not build any theory error source for %s" % self.path)
   245                                           
   246      1788    5438186.0   3041.5      0.2          cfg.contur_log.debug(
   247       894    4605026.0   5151.0      0.2                  "Using theory for {}".format(self._thy.path()))
   248                                           
   249      1788  170570623.0  95397.4      6.4          self.sm_values = ObservableValues(central_values=self._thy.yVals(), err_breakdown=thErrs,
   250       894     324530.0    363.0      0.0                                            covariance_matrix=thCov, diagonal_matrix=thUncov )

Total time: 0.247075 s
File: /unix/cedar/junyingwu/contur-dev/src/contur/factories/test_observable.py
Function: __getAux at line 290

Line #      Hits         Time  Per Hit   % Time  Line Contents
==============================================================
   290                                               def __getAux(self):
   291                                                   """Internal function to look up auxiliary attributes from the contur database
   292                                           
   293                                                   :Built members:
   294                                                       - *analysis* (:class:`contur.data.analysis.Analysis`) --
   295                                                           Analysis object associated with this observable
   296                                                       - *histo_name* (``string``) --
   297                                                           Name of the histogram within the analysis e.g. "d01-x01-y01"
   298                                                       - *pool* (``string``) --
   299                                                         String for analysis pool looked up from contur database
   300                                                       - *mergedhisto* (``string``) --
   301                                                         String for analysis mergedhisto looked up from contur database (None if the histo doesn't belong for a mergedhisto)
   302                                                       - *lumi* (``float``) --
   303                                                           Integrated luminosity associated with this histogram, in the units used by the analysis
   304                                                       - *lumi_fb* (``float``) --
   305                                                           Integrated luminosity associated with this histogram, in inverse femtobarns
   306                                                   """
   307       958   31400198.0  32776.8     12.7          _ana_name, self.histo_name = cutil.splitPath(self.path)
   308                                           
   309       958  215674591.0 225130.1     87.3          self.analysis, self._lumi, self._lumi_fb, self.pool, self.mergedhisto = cdb.obsFinder(self.path)

Total time: 6.0237 s
File: /unix/cedar/junyingwu/contur-dev/src/contur/factories/test_observable.py
Function: add_signal_component at line 399

Line #      Hits         Time  Per Hit   % Time  Line Contents
==============================================================
   399                                               def add_signal_component(self, ao, xsec, nev, parameters):
   400                                                   """
   401                                                   Dress a :class:`YODA.AnalysisObject` into an ObservableValues and add it as a component of the BSM signal
   402                                                   """
   403                                           
   404                                                   # if everything we need is available, there will be ref data.
   405       958  181616471.0 189578.8      3.0          if not self._ref:
   406                                                       cfg.contur_log.warning("No reference data found for histo: {}".format(self.path))
   407                                                       return
   408                                                   
   409       958    2382344.0   2486.8      0.0          if ao.type() != self.type:
   410                                                       cfg.contur_log.warning(f"Signal AO type {ao.type()} does not match expected type {self.type} for observable {self.path}, skipping")
   411                                                       return
   412                                                   
   413       958  702644154.0 733449.0     11.7          if len(self._ref.points()) != len(ao.points()):
   414                                                       cfg.contur_log.error(f"REF data and signal for {self.path} have unequal numbers of points ({len(self._ref.points())} vs {len(ao.points())})")
   415                                                       raise RuntimeError(f"REF data and signal for {self.path} have unequal numbers of points ({len(self._ref.points())} vs {len(ao.points())})")
   416                                           
   417                                                   # scale the signal if needed
   418       958    2279730.0   2379.7      0.0          if ao.type() in ['Histo1D', 'Profile1D', 'Scatter2D']:
   419                                           
   420       958     329081.0    343.5      0.0              scaleFactorSig = 1.0
   421       958     612030.0    638.9      0.0              if self._isScaled and xsec is not None:
   422                                                           # if the plot is area normalised (ie scaled), work out the factor from number of events and generator xs
   423                                                           # (this is just the integrated cross section associated with the plot)
   424                                                           # TODO: should maybe be using effNumEntries to correctly handle weighted events?
   425       159      49553.0    311.7      0.0                  try:
   426       159  133488720.0 839551.7      2.2                      if ao.annotation("ScaledBy", 1.0) != 0.0:
   427       102   66113301.0 648169.6      1.1                          scaleFactorSig = xsec*ao.annotation("ScaledBy", 1.0)/float(nev)
   428                                                               else:
   429        57     539363.0   9462.5      0.0                          cfg.contur_log.debug("Likely empty signal histo: {}".format(ao.path()))
   430                                                           except Exception as e:
   431                                                               cfg.contur_log.warn("missing info for scalefactor calc", exc_info=e)
   432                                                               scaleFactorSig = 1.0
   433                                           
   434                                                       # scale in place
   435       958  194028341.0 202534.8      3.2              self.__doScale(ao, scaleFactorSig)
   436                                           
   437       958     471723.0    492.4      0.0          signal_err_breakdown = {}
   438                                                   # after scaling, grab the MC stat errors
   439                                                   # TODO: signal errors are symmetrised here. Does that make any difference? (should not)
   440       958  226731061.0 236671.3      3.8          signal_err_breakdown["mc_stat"] = np.array([(abs(epair[0]) + abs(epair[1]))*0.5 for epair in ao.yErrs()])
   441                                           
   442       958     840280.0    877.1      0.0          if cfg.add_sqrt_evtcount_signal_error:
   443                                                       # get expected-events uncertainty (Poisson)
   444                                                       # overwrites the ao errors, but reuses the existing helper.
   445       958 4078592313.0 4.26e+06     67.7              root_n_errors(ao, self._isSearch, nx=self._nev_differential, lumi=self._lumi, replace=True)
   446      1916    4959123.0   2588.3      0.1              signal_err_breakdown["expected_events_err"] = np.array(
   447       958  198661740.0 207371.3      3.3                  [(abs(epair[0]) + abs(epair[1])) * 0.5 for epair in ao.yErrs()]
   448                                                       )
   449                                                   else:
   450                                                       # the "expected_events_err" key is expected in Signal, so fill with zeroes
   451                                                       signal_err_breakdown["expected_events_err"] = np.zeros_like(
   452                                                           signal_err_breakdown["mc_stat"], dtype=float
   453                                                       )
   454                                                   
   455       958  171627263.0 179151.6      2.8          values = ObservableValues(central_values=ao.yVals(), err_breakdown=signal_err_breakdown)
   456                                           
   457       958   57731349.0  60262.4      1.0          self.signal.add_component(values=values, xsec=xsec, scale_factor=scaleFactorSig, parameters=parameters)

Total time: 3.26305 s
File: /unix/cedar/junyingwu/contur-dev/src/contur/factories/test_observable.py
Function: build_likelihood at line 459

Line #      Hits         Time  Per Hit   % Time  Line Contents
==============================================================
   459                                               def build_likelihood(self, smtest=False):
   460                                                   """
   461                                                   Build an internal :class:`~contur.factories.likelihood.Likelihood` object for this observable
   462                                                   """
   463                                           
   464       958     634770.0    662.6      0.0          if smtest:
   465                                                       sm_values = self.get_zero_values()
   466                                                       sxsec = None
   467                                                   else:
   468       958     382631.0    399.4      0.0              sm_values = self.sm_values
   469       958    1365359.0   1425.2      0.0              sxsec=self.signal.components[0].scale_factor, # TODO: this should be per-component
   470                                           
   471      1916 3255274287.0  1.7e+06     99.8          self._likelihood = lh.Likelihood(
   472       958     262333.0    273.8      0.0              calculate=True,
   473       958     376692.0    393.2      0.0              ratio=self._isRatio,
   474       958     348057.0    363.3      0.0              lumi=self._lumi,
   475       958     351605.0    367.0      0.0              lumi_fb=self._lumi_fb,
   476       958     310174.0    323.8      0.0              profile=self._isProfile,
   477       958     263213.0    274.8      0.0              sxsec=sxsec,
   478       958     343967.0    359.0      0.0              bxsec=self._scaleFactorData,
   479       958     670709.0    700.1      0.0              tags=self.path,
   480       958     356015.0    371.6      0.0              measured_values=self.measured_values,
   481       958     287105.0    299.7      0.0              sm_values=sm_values,
   482       958     361879.0    377.7      0.0              bsm_values=self.signal,
   483       958     394288.0    411.6      0.0              expected_values=self.expected_values,
   484       958     376487.0    393.0      0.0              pools=self.pool,
   485       958     398137.0    415.6      0.0              mergedhistos=self.mergedhisto,
   486       958     293907.0    306.8      0.0              smtest=smtest,
   487                                                   )

Total time: 455.622 s
File: /unix/cedar/junyingwu/contur-dev/src/contur/run/run_analysis.py
Function: main at line 244

Line #      Hits         Time  Per Hit   % Time  Line Contents
==============================================================
   244                                           def main(args):
   245                                               """
   246                                               Main programme to run contur analysis on a grid of YODA files, a single YODA, or a YODA stream.
   247                                               arguments should be passed as a dictionary.
   248                                               """
   249                                           
   250                                               # Set up / respond to the common argument flags and logger config
   251         1    1946177.0 1.95e+06      0.0      cau.setup_common(args) 
   252         1      12187.0  12187.0      0.0      print("Writing log to {}".format(cfg.logfile_name))
   253                                               # Set up mysql
   254         1     152340.0 152340.0      0.0      cau.setup_mysql(args)
   255                                           
   256                                               # Set the config file
   257         1       1064.0   1064.0      0.0      cfg.config_file = args['CONFIG']
   258                                           
   259         1        484.0    484.0      0.0      if 'YODASTREAM' not in args:
   260         1        557.0    557.0      0.0          args['YODASTREAM'] = None
   261                                           
   262         1       1471.0   1471.0      0.0      cfg.nostack = args['NOSTACK']
   263                                                   
   264         1        622.0    622.0      0.0      cfg.grid = args['GRID']
   265         1       2575.0   2575.0      0.0      cfg.mceg_options[cfg.madgraph]["keep_hepmc"] = args['KEEPHEPMC']
   266                                               
   267         1        334.0    334.0      0.0      modeMessage =  "Run Information: ====================================== \n"
   268         1       8713.0   8713.0      0.0      modeMessage += "       Contur is running in {} \n".format(os.getcwd())
   269                                           
   270                                               # make the output directory if it isn't already there.
   271         1    1169398.0 1.17e+06      0.0      cutil.mkoutdir(cfg.output_dir)
   272                                               
   273                                               # do we want csv file output?
   274         1       1076.0   1076.0      0.0      if args['CSVFILE'] is not None:
   275                                                   cfg.csvfile = os.path.join(cfg.output_dir,args['CSVFILE'])
   276                                           
   277         1        848.0    848.0      0.0      if cfg.grid:
   278                                                   modeMessage += "       on files in {} \n".format(cfg.grid)
   279                                                   cfg.gridMode = True
   280                                           
   281                                                   # turn off writing on plotting script if requested
   282                                                   cfg.silenceWriter = not args["PYSCRIPTS"]
   283                                                   
   284         1        478.0    478.0      0.0      elif args['YODASTREAM'] is None:
   285         1      10563.0  10563.0      0.0          modeMessage += "       on analysis objects in {} \n".format(args['yodafiles'])
   286         1       1380.0   1380.0      0.0          cfg.gridMode = False
   287                                                   
   288                                               else:
   289                                                   modeMessage += "       on analysis objects in YODASTREAM StringIO \n"
   290                                                   cfg.gridMode = False
   291                                                   if not args.get('UNSILENCE_WRITER_FOR_STREAMS', False):
   292                                                       cfg.silenceWriter=True
   293                                           
   294         1        650.0    650.0      0.0      if "RESULTS" in args:
   295         1       1010.0   1010.0      0.0          cfg.results_dbfile = args["RESULTS"]
   296         1      13261.0  13261.0      0.0      cfg.results_dbfile = os.path.join(cfg.output_dir,cfg.results_dbfile)
   297                                           
   298         1        677.0    677.0      0.0      if args['ADD_DB']:
   299                                                   cfg.add_to_results_db = True
   300                                                   
   301         1     172656.0 172656.0      0.0      elif (os.path.exists(cfg.results_dbfile) and args['YODASTREAM'] is None):
   302                                                   cfg.contur_log.info("Removing previous results {}".format(cfg.results_dbfile))
   303                                                   os.remove(cfg.results_dbfile)
   304                                               
   305         1      12469.0  12469.0      0.0      cfg.models_dbfile = os.path.join(cfg.share,cfg.models_dbfile)
   306                                           
   307                                               # set up the plot output directory
   308         1       8945.0   8945.0      0.0      cfg.plot_dir = os.path.join(cfg.output_dir,"plots")
   309                                           
   310                                               # set up the data selection options.
   311         1       5254.0   5254.0      0.0      modeMessage = cau.setup_selection(args,modeMessage)
   312                                           
   313         1        676.0    676.0      0.0      if (not args['yodafiles'] and not cfg.gridMode and (args['YODASTREAM'] is None)):
   314                                                   cfg.contur_log.critical("Error: You need to specify some YODA files to be "
   315                                                                         "analysed!\n")
   316                                                   sys.exit(1)
   317                                           
   318         1       1371.0   1371.0      0.0      if (not args.get('UNSILENCE_WRITER_FOR_STREAMS', False)) and args.get('OUTPUTDIR') is None:
   319                                                   cfg.contur_log.critical("Error: If you wish to output plot files running on a "
   320                                                   "yoda stream, you must specify an OUTPUTDIR")
   321                                                   sys.exit(1)
   322                                           
   323         1        905.0    905.0      0.0      if args['WEIGHTNAME'] is not None:
   324         1       1375.0   1375.0      0.0          cfg.weight = args['WEIGHTNAME']
   325                                           
   326                                               # Set the global args used in config.py
   327         1        521.0    521.0      0.0      if args['PARAM_FILE']:
   328         1        881.0    881.0      0.0          cfg.param_steering_file = args['PARAM_FILE']
   329                                           
   330         1      15787.0  15787.0      0.0      modeMessage = cau.setup_stats(args, modeMessage)
   331                                           
   332         1     212441.0 212441.0      0.0      cfg.contur_log.info("Reading config file {}".format(cfg.config_file))
   333         2    4248705.0 2.12e+06      0.0      cfr.read_config_file(
   334         1        716.0    716.0      0.0          cfg.config_file,
   335         1        421.0    421.0      0.0          configure_uncertainties=True,
   336         1        394.0    394.0      0.0          configure_signal_components=True,
   337         1        358.0    358.0      0.0          configure_parameters_block=True,
   338         1        416.0    416.0      0.0          configure_theory=True,
   339         1        363.0    363.0      0.0          configure_calculation=True,
   340                                               )
   341                                           
   342         1       1086.0   1086.0      0.0      if args['ANAPATTERNS']:
   343                                                   cfg.onlyAnalyses = args['ANAPATTERNS']
   344                                                   modeMessage += f"Only using analysis objects whose path includes {args['ANAPATTERNS']}. \n"  
   345         1        547.0    547.0      0.0      if args['ANAUNPATTERNS']:
   346                                                   cfg.vetoAnalyses = args['ANAUNPATTERNS']
   347                                                   modeMessage += f"Excluding analyses names: {args['ANAUNPATTERNS']}. \n"
   348                                           
   349         1        680.0    680.0      0.0      if args['BINWIDTH']:
   350                                                   cfg.binwidth = float(args['BINWIDTH'])
   351         1        478.0    478.0      0.0      if args['BINOFFSET']:
   352                                                   cfg.binoffset = float(args['BINOFFSET'])
   353         1        463.0    463.0      0.0      if args['MODEL']:
   354                                                   modeMessage += '\n Model: ' + args['MODEL']
   355                                                   cfg.contur_log.info('\n Model: ' + args['MODEL'])
   356                                           
   357         1       1122.0   1122.0      0.0      if args.get('NOPOOLS'):
   358                                                   cfg.contur_log.warning("Running assuming all histograms are statistically independent. This will overestimate exclusions.")
   359                                                   cfg.no_pools = True
   360                                           
   361         1     228821.0 228821.0      0.0      cfg.contur_log.info(modeMessage)
   362                                           
   363                                               # rather than porting arguments though class instance initialisations, instead set these as variables in the global config.py
   364                                               # all these are imported on import contur so set them here and pick them up when needed later
   365                                           
   366         1        938.0    938.0      0.0      if cfg.gridMode:
   367                                                   process_grid(args)
   368                                           
   369         1        806.0    806.0      0.0      elif (args['YODASTREAM'] is None):
   370                                                   # single mode
   371                                                   # --------------------------------------------------------------------------------------------------
   372                                           
   373                                                   # find the specified parameter point.
   374         2      17023.0   8511.5      0.0          yodaFiles = cgt.find_param_point(
   375         1        797.0    797.0      0.0              args['yodafiles'], args['TAG'], args['FINDPARAMS'])
   376                                                   
   377         2       2250.0   1125.0      0.0          for infile in yodaFiles:     
   378         1     825172.0 825172.0      0.0              if not os.path.exists(infile):
   379                                                           cfg.contur_log.critical("{} does not exist".format(infile))
   380                                                           sys.exit(1)
   381                                           
   382                                                       # get info from paramfile if it is there
   383         2      11399.0   5699.5      0.0              param_file_path = os.path.join(
   384         1      11729.0  11729.0      0.0                  os.path.dirname(infile), cfg.paramfile)
   385         1     146405.0 146405.0      0.0              if os.path.exists(param_file_path):
   386         1     623901.0 623901.0      0.0                  params = cfr.read_param_point(param_file_path)
   387         1        872.0    872.0      0.0                  modeMessage = '\n       Model point sampled at these parameter values:'
   388         9       6568.0    729.8      0.0                  for param, val in params.items():
   389         8      22564.0   2820.5      0.0                      modeMessage += "\n     - {} : {}".format(param,str(val))
   390                                                       else:
   391                                                           params = {}
   392                                                           params["No parameters specified"] = 0.0
   393                                                           modeMessage = "\n       Parameter values not known for this run."
   394                                           
   395                                           
   396                                                       # If requested, grab some values from the log file and add them as extra parameters.
   397         1        520.0    520.0      0.0              root = "."
   398                                           
   399         1        631.0    631.0      0.0              tmp_params = {}
   400         9       6083.0    675.9      0.0              for param, val in params.items():
   401         8       6300.0    787.5      0.0                  if args['SLHA'] and param=="slha_file":
   402                                                               block_list = args['SLHA'].split(",")
   403                                                               # read parameters from blocks in an SLHA file
   404                                                               block_dict = cfr.read_slha_file(root, val, block_list)
   405                                                               for block in block_list:
   406                                                                   tmp_params.update(block_dict[block])
   407                                           
   408         1       1173.0   1173.0      0.0              params.update(tmp_params)
   409                                           
   410         1     359100.0 359100.0      0.0              files = os.listdir(root)
   411                                           
   412                                                       # If requested, grab some values from the generator log files and add them as extra parameters.
   413         1       7348.0   7348.0      0.0              params.update(cfr.get_generator_values(root, files, args['ME'],args['PI']))
   414                                           
   415                                                       # read the yodafile, do the comparison
   416         1        607.0    607.0      0.0              try:
   417         1      29177.0  29177.0      0.0                  point = ConturPoint("", yoda_paths=[infile], parameter_values=params, signal_config=state.signal_config)
   418         1     4.55e+11 4.55e+11     99.9                  point.process()
   419                                                       except ValueError as ve:
   420                                                           cfg.contur_log.warning("Failed to add parameter point {}, no likelihoods present. YODA file is {}.".format(params,infile))
   421                                                           raise
   422                                           
   423         1     359424.0 359424.0      0.0              cfg.contur_log.info(modeMessage)
   424         1  389016978.0 3.89e+08      0.1              model_id, map_id, addition_argument = prepare_output_db(args)
   425         1  147494867.0 1.47e+08      0.0              write_point(point, model_id, map_id, addition_argument)
   426                                           
   427         1       3561.0   3561.0      0.0              if cfg.csvfile is not None:
   428                                                           depot = Depot()
   429                                                           depot.add_processed_point(point)
   430                                                           depot.export(cfg.csvfile)
   431                                           
   432                                               else:
   433                                                   # single mode, but run from YODA stream
   434                                                   # --------------------------------------------------------------------------------------------------
   435                                           
   436                                                   params = {}
   437                                                   params["No parameters specified"] = 0.0
   438                                                   modeMessage = "       Parameter values not known for this run."
   439                                           
   440                                                   # If requested, grab some values from the log file and add them as extra parameters.
   441                                                   root = "."
   442                                                   files = os.listdir(root)
   443                                           
   444                                                   # If requested, grab some values from the generator log files and add them as extra parameters.
   445                                                   params.update(cfr.get_generator_values(root, files, args['ME'],args['PI']))
   446                                           
   447                                                   # read the yodafile, do the comparison
   448                                                   try:
   449                                                       point = ConturPoint("", yodastream=args['YODASTREAM'], parameter_values=params, signal_config=state.signal_config)
   450                                                       point.process()
   451                                                   except ValueError as ve:
   452                                                       cfg.contur_log.warning("Failed to add parameter point {}, no likelihoods present.".format(params))
   453                                           
   454                                                   cfg.contur_log.info(modeMessage)
   455                                                   output_options = args.get('YODASTREAM_API_OUTPUT_OPTIONS', [])
   456                                                   return point.write_summary_dict(output_options)

	Command being timed: "python ../profile_test_observable_lines.py --nomultip /unix/cedar/junyingwu/contur/tests/sources/myscan00/13TeV/0000/runpoint_0000.yoda.gz"
	User time (seconds): 352.50
	System time (seconds): 35.48
	Percent of CPU this job got: 77%
	Elapsed (wall clock) time (h:mm:ss or m:ss): 8:19.43
	Average shared text size (kbytes): 0
	Average unshared data size (kbytes): 0
	Average stack size (kbytes): 0
	Average total size (kbytes): 0
	Maximum resident set size (kbytes): 3161160
	Average resident set size (kbytes): 0
	Major (requiring I/O) page faults: 18597
	Minor (reclaiming a frame) page faults: 1935232
	Voluntary context switches: 61992
	Involuntary context switches: 9908
	Swaps: 0
	File system inputs: 746424
	File system outputs: 45736
	Socket messages sent: 0
	Socket messages received: 0
	Signals delivered: 0
	Page size (bytes): 4096
	Exit status: 0
